[2026-09-06T08:13:11.957Z] GET http://devhj.local/ODA_AI_SW/docs/NA/aspiring_founders/LMS/day3/day3-textbook.html → 200 (22ms, 58416B)
[2026-09-06T08:13:11.988Z] GET https://cdn.jsdelivr.net/gh/orioncactus/pretendard@v1.3.9/dist/web/static/pretendard.min.css → pending (?ms, ?B)
[2026-09-06T08:13:11.988Z] GET https://cdnjs.cloudflare.com/ajax/libs/html2canvas/1.4.1/html2canvas.min.js → pending (?ms, ?B)
[2026-09-06T08:13:11.988Z] GET https://cdnjs.cloudflare.com/ajax/libs/jspdf/2.5.1/jspdf.umd.min.js → pending (?ms, ?B)
[2026-09-06T08:13:11.992Z] GET http://devhj.local/ODA_AI_SW/docs/NA/aspiring_founders/LMS/login/login.html → 200 (7ms, 62261B)
[2026-09-06T08:13:12.001Z] GET https://cdn.jsdelivr.net/gh/orioncactus/pretendard@v1.3.9/dist/web/static/pretendard.min.css → 200 (48ms, 997B)
[2026-09-06T08:13:12.090Z] GET https://cdn.jsdelivr.net/gh/orioncactus/pretendard@v1.3.9/packages/pretendard/dist/web/static/woff2/Pretendard-ExtraBold.woff2 → 200 (87ms, 794091B)
[2026-09-06T08:13:12.090Z] GET https://cdn.jsdelivr.net/gh/orioncactus/pretendard@v1.3.9/packages/pretendard/dist/web/static/woff2/Pretendard-Black.woff2 → 200 (85ms, 801010B)
[2026-09-06T08:13:12.091Z] GET https://cdn.jsdelivr.net/gh/orioncactus/pretendard@v1.3.9/packages/pretendard/dist/web/static/woff2/Pretendard-Regular.woff2 → 200 (97ms, 766479B)
[2026-09-06T08:13:12.091Z] GET https://cdn.jsdelivr.net/gh/orioncactus/pretendard@v1.3.9/packages/pretendard/dist/web/static/woff2/Pretendard-Bold.woff2 → 200 (109ms, 791772B)
[2026-09-06T08:13:12.091Z] GET https://cdn.jsdelivr.net/gh/orioncactus/pretendard@v1.3.9/packages/pretendard/dist/web/static/woff2/Pretendard-Medium.woff2 → 200 (113ms, 779028B)
[2026-09-06T08:13:12.104Z] GET http://devhj.local/ODA_AI_SW/docs/NA/aspiring_founders/LMS/login/img/participants/c1-01-gormwa-solomon.jpg → 200 (19ms, 83011B)
[2026-09-06T08:13:12.104Z] GET http://devhj.local/ODA_AI_SW/docs/NA/aspiring_founders/LMS/login/img/participants/c1-02-nze-esigaga-chinemwa.jpg → 200 (19ms, 110809B)
[2026-09-06T08:13:12.104Z] GET http://devhj.local/ODA_AI_SW/docs/NA/aspiring_founders/LMS/login/img/participants/c1-03-nenrit-gotus-solomon.jpg → 200 (20ms, 66292B)
[2026-09-06T08:13:12.104Z] GET http://devhj.local/ODA_AI_SW/docs/NA/aspiring_founders/LMS/login/img/participants/c1-04-diony-elijah-o.jpg → 200 (19ms, 25235B)
[2026-09-06T08:13:12.104Z] GET http://devhj.local/ODA_AI_SW/docs/NA/aspiring_founders/LMS/login/img/participants/c1-05-ijioma-onyemuwa-chikezie.png → 200 (20ms, 1045741B)
[2026-09-06T08:13:12.104Z] GET http://devhj.local/ODA_AI_SW/docs/NA/aspiring_founders/LMS/login/img/participants/c1-06-akano-richard-olasukanmi.png → 200 (20ms, 1768971B)
[2026-09-06T08:13:12.104Z] GET http://devhj.local/ODA_AI_SW/docs/NA/aspiring_founders/LMS/login/img/participants/c1-07-idoko-benson-onoja.jpg → 200 (24ms, 74583B)
[2026-09-06T08:13:12.106Z] GET http://devhj.local/ODA_AI_SW/docs/NA/aspiring_founders/LMS/login/img/participants/c1-08-claire-benson-idoko.jpg → 200 (21ms, 51239B)
[2026-09-06T08:13:12.106Z] GET http://devhj.local/ODA_AI_SW/docs/NA/aspiring_founders/LMS/login/img/participants/c1-09-victor-akpan.jpg → 200 (21ms, 85012B)
[2026-09-06T08:13:12.106Z] GET http://devhj.local/ODA_AI_SW/docs/NA/aspiring_founders/LMS/login/img/participants/c1-10-idiopise-maxwell.png → 200 (24ms, 1069637B)
[2026-09-06T08:13:12.106Z] GET http://devhj.local/ODA_AI_SW/docs/NA/aspiring_founders/LMS/login/img/participants/c1-11-joel-sylvester.png → 200 (34ms, 1098696B)
[2026-09-06T08:13:12.106Z] GET http://devhj.local/ODA_AI_SW/docs/NA/aspiring_founders/LMS/login/img/participants/c1-12-onize-okololuse.png → 200 (33ms, 1619552B)
[2026-09-06T08:13:12.106Z] GET http://devhj.local/ODA_AI_SW/docs/NA/aspiring_founders/LMS/login/img/participants/c1-13-ugochukwu-peter-imachor.png → 200 (33ms, 659198B)
[2026-09-06T08:13:12.106Z] GET http://devhj.local/ODA_AI_SW/docs/NA/aspiring_founders/LMS/login/img/participants/c1-14-yusuf-sififat.png → 200 (36ms, 654227B)
[2026-09-06T08:13:12.107Z] GET http://devhj.local/ODA_AI_SW/docs/NA/aspiring_founders/LMS/login/img/participants/c1-15-mercy-iohan-ekoh.png → 200 (43ms, 976603B)
[2026-09-06T08:13:12.107Z] GET http://devhj.local/ODA_AI_SW/docs/NA/aspiring_founders/LMS/login/img/participants/c1-16-oluwakemisola-olowosulu.png → 200 (45ms, 686515B)
[2026-09-06T08:13:12.107Z] GET http://devhj.local/ODA_AI_SW/docs/NA/aspiring_founders/LMS/login/img/participants/c1-17-shemang-david-joshua.png → 200 (55ms, 1181607B)
[2026-09-06T08:13:12.107Z] GET http://devhj.local/ODA_AI_SW/docs/NA/aspiring_founders/LMS/login/img/participants/c1-18-gawza-victoria-augustine.png → 200 (57ms, 1784547B)
[2026-09-06T08:13:12.107Z] GET http://devhj.local/ODA_AI_SW/docs/NA/aspiring_founders/LMS/login/img/participants/c1-19-ibiyemi-praise-oluwatobiloba.png → 200 (57ms, 1278928B)
[2026-09-06T08:13:12.107Z] GET http://devhj.local/ODA_AI_SW/docs/NA/aspiring_founders/LMS/login/img/participants/c1-20-opara-barbra.png → 200 (57ms, 755950B)
[2026-09-06T08:13:12.107Z] GET http://devhj.local/ODA_AI_SW/docs/NA/aspiring_founders/LMS/login/img/participants/c1-21-nero-christopher-c-nwachukwu.jpg → 200 (57ms, 1180867B)
[2026-09-06T08:13:12.108Z] GET http://devhj.local/ODA_AI_SW/docs/NA/aspiring_founders/LMS/login/img/participants/c1-22-prince-shammah.png → 200 (63ms, 1209118B)
[2026-09-06T08:13:12.108Z] GET http://devhj.local/ODA_AI_SW/docs/NA/aspiring_founders/LMS/login/img/participants/c1-23-elyon-ilua-maduenyi.png → 200 (77ms, 1677356B)
[2026-09-06T08:13:12.108Z] GET http://devhj.local/ODA_AI_SW/docs/NA/aspiring_founders/LMS/login/img/participants/c1-24-mubarak-ahmed.png → 200 (77ms, 1547408B)
[2026-09-06T08:13:12.108Z] GET http://devhj.local/ODA_AI_SW/docs/NA/aspiring_founders/LMS/login/img/participants/c1-25-abdullah-ahmad.png → 200 (89ms, 261044B)
[2026-09-06T08:13:12.108Z] GET http://devhj.local/ODA_AI_SW/docs/NA/aspiring_founders/LMS/login/img/participants/c1-26-sani-mahmud-madobi.png → 200 (89ms, 229813B)
[2026-09-06T08:13:12.108Z] GET http://devhj.local/ODA_AI_SW/docs/NA/aspiring_founders/LMS/login/img/participants/c1-27-lawal-shuaibu.png → 200 (94ms, 813067B)
[2026-09-06T08:13:12.108Z] GET http://devhj.local/ODA_AI_SW/docs/NA/aspiring_founders/LMS/login/img/participants/c1-28-salisu-maryam.png → 200 (95ms, 1003005B)
[2026-09-06T08:13:12.108Z] GET http://devhj.local/ODA_AI_SW/docs/NA/aspiring_founders/LMS/login/img/participants/c1-29-halimat-musa.png → 200 (94ms, 1016134B)
[2026-09-06T08:13:12.108Z] GET http://devhj.local/ODA_AI_SW/docs/NA/aspiring_founders/LMS/login/img/participants/c1-30-abdulazeez-jimoh.png → 200 (95ms, 2031778B)
[2026-09-06T08:13:12.108Z] GET http://devhj.local/ODA_AI_SW/docs/NA/aspiring_founders/LMS/login/img/participants/c1-31-reagan-rowland.jpg → 200 (96ms, 59604B)
[2026-09-06T08:13:12.108Z] GET http://devhj.local/ODA_AI_SW/docs/NA/aspiring_founders/LMS/login/img/participants/c1-32-wale-ajomale.png → 200 (98ms, 1328808B)
[2026-09-06T08:13:12.108Z] GET http://devhj.local/ODA_AI_SW/docs/NA/aspiring_founders/LMS/login/img/participants/c1-33-joy-rowland.jpg → 200 (99ms, 172901B)
[2026-09-06T08:13:12.108Z] GET http://devhj.local/ODA_AI_SW/docs/NA/aspiring_founders/LMS/login/img/participants/c1-34-temidayo-aderibigbe.png → 200 (99ms, 2691179B)
[2026-09-06T08:13:12.108Z] GET http://devhj.local/ODA_AI_SW/docs/NA/aspiring_founders/LMS/login/img/participants/c1-35-durokaiye-omobolaji.png → 200 (101ms, 765743B)
[2026-09-06T08:13:12.109Z] GET http://devhj.local/ODA_AI_SW/docs/NA/aspiring_founders/LMS/login/img/participants/c1-36-aitu-johnson-temitope.png → 200 (108ms, 1222979B)
[2026-09-06T08:13:12.109Z] GET http://devhj.local/ODA_AI_SW/docs/NA/aspiring_founders/LMS/login/img/participants/c1-37-sarah-azuka-obiajulu.png → 200 (108ms, 189151B)
[2026-09-06T08:13:12.109Z] GET http://devhj.local/ODA_AI_SW/docs/NA/aspiring_founders/LMS/login/img/participants/c1-38-victor-oni.png → 200 (111ms, 1412562B)
[2026-09-06T08:13:12.109Z] GET http://devhj.local/ODA_AI_SW/docs/NA/aspiring_founders/LMS/login/img/participants/c1-39-james-arua.png → 200 (111ms, 614799B)
[2026-09-06T08:13:12.109Z] GET http://devhj.local/ODA_AI_SW/docs/NA/aspiring_founders/LMS/login/img/participants/c1-40-umar-abdulganjiy.png → 200 (111ms, 231537B)
[2026-09-06T08:13:12.109Z] GET http://devhj.local/ODA_AI_SW/docs/NA/aspiring_founders/LMS/login/img/participants/c1-41-idris-thaabir.png → 200 (111ms, 489529B)
[2026-09-06T08:13:12.109Z] GET http://devhj.local/ODA_AI_SW/docs/NA/aspiring_founders/LMS/login/img/participants/c1-43-adejumoke-rebecca-aremo.png → 200 (112ms, 1076260B)
[2026-09-06T08:13:12.109Z] GET http://devhj.local/ODA_AI_SW/docs/NA/aspiring_founders/LMS/login/img/participants/c1-44-aroyebun-abdulghafar-sunkanmi.png → 200 (113ms, 1167655B)
[2026-09-06T08:13:12.109Z] GET http://devhj.local/ODA_AI_SW/docs/NA/aspiring_founders/LMS/login/img/participants/c1-45-olajide-sanusi-abayomi.png → 200 (114ms, 941824B)
[2026-09-06T08:13:12.109Z] GET http://devhj.local/ODA_AI_SW/docs/NA/aspiring_founders/LMS/login/img/participants/c1-46-solomon-faith.png → 200 (114ms, 750121B)
[2026-09-06T08:13:12.109Z] GET http://devhj.local/ODA_AI_SW/docs/NA/aspiring_founders/LMS/login/img/participants/c1-47-ojuka-miracle.png → 200 (117ms, 1478123B)
[2026-09-06T08:13:12.109Z] GET http://devhj.local/ODA_AI_SW/docs/NA/aspiring_founders/LMS/login/img/participants/c1-48-ibrahim-muhammad-sani.png → 200 (120ms, 1801075B)
[2026-09-06T08:13:12.109Z] GET http://devhj.local/ODA_AI_SW/docs/NA/aspiring_founders/LMS/login/img/participants/c1-49-bako-shuaibu-ismaila.png → 200 (121ms, 1215445B)
[2026-09-06T08:13:12.109Z] GET http://devhj.local/ODA_AI_SW/docs/NA/aspiring_founders/LMS/login/img/participants/c1-55-peters-onyilo.png → 200 (121ms, 72268B)
[2026-09-06T08:13:12.109Z] GET http://devhj.local/ODA_AI_SW/docs/NA/aspiring_founders/LMS/login/img/participants/c1-56-lawal-mohammed-abubakar.png → 200 (122ms, 322135B)
[2026-09-06T08:13:12.109Z] GET http://devhj.local/ODA_AI_SW/docs/NA/aspiring_founders/LMS/login/img/participants/c1-57-chinonyeulum-mbanefor.png → 200 (122ms, 1015884B)
[2026-09-06T08:13:12.109Z] GET http://devhj.local/ODA_AI_SW/docs/NA/aspiring_founders/LMS/login/img/participants/c1-58-adeola-deborah-daramola.png → 200 (126ms, 370273B)
[2026-09-06T08:13:30.227Z] GET http://devhj.local/ODA_AI_SW/docs/NA/aspiring_founders/LMS/index.html → 200 (4ms, 90981B)
[2026-09-06T08:13:30.234Z] GET https://cdn.jsdelivr.net/gh/orioncactus/pretendard@v1.3.9/dist/web/static/pretendard.min.css → 200 (?ms, -754B)
[2026-09-06T08:13:30.240Z] GET https://cdn.jsdelivr.net/gh/orioncactus/pretendard@v1.3.9/packages/pretendard/dist/web/static/woff2/Pretendard-Black.woff2 → 200 (?ms, -723B)
[2026-09-06T08:13:30.240Z] GET https://cdn.jsdelivr.net/gh/orioncactus/pretendard@v1.3.9/packages/pretendard/dist/web/static/woff2/Pretendard-ExtraBold.woff2 → 200 (?ms, -723B)
[2026-09-06T08:13:30.240Z] GET https://cdn.jsdelivr.net/gh/orioncactus/pretendard@v1.3.9/packages/pretendard/dist/web/static/woff2/Pretendard-Bold.woff2 → 200 (1ms, -724B)
[2026-09-06T08:13:30.241Z] GET https://cdn.jsdelivr.net/gh/orioncactus/pretendard@v1.3.9/packages/pretendard/dist/web/static/woff2/Pretendard-Medium.woff2 → 200 (?ms, -723B)
[2026-09-06T08:13:30.241Z] GET https://cdn.jsdelivr.net/gh/orioncactus/pretendard@v1.3.9/packages/pretendard/dist/web/static/woff2/Pretendard-Regular.woff2 → 200 (?ms, -724B)
[2026-09-06T08:13:30.241Z] GET http://devhj.local/ODA_AI_SW/docs/NA/aspiring_founders/LMS/img/day1_tools.png → 200 (?ms, 687953B)
[2026-09-06T08:13:30.241Z] GET http://devhj.local/ODA_AI_SW/docs/NA/aspiring_founders/LMS/img/day2_planning.png → 200 (2ms, 715439B)
[2026-09-06T08:13:30.241Z] GET http://devhj.local/ODA_AI_SW/docs/NA/aspiring_founders/LMS/img/day3_mvp.png → 200 (2ms, 700696B)
[2026-09-06T08:13:30.241Z] GET http://devhj.local/ODA_AI_SW/docs/NA/aspiring_founders/LMS/img/day4_expansion.png → 200 (3ms, 658142B)
[2026-09-06T08:13:30.241Z] GET http://devhj.local/ODA_AI_SW/docs/NA/aspiring_founders/LMS/img/day5_presentation.png → 200 (2ms, 686969B)
[2026-09-06T08:13:30.241Z] GET https://cdn.jsdelivr.net/gh/orioncactus/pretendard@v1.3.9/packages/pretendard/dist/web/static/woff2/Pretendard-SemiBold.woff2 → 200 (109ms, 786248B)
